2026-06-14 22:29:44,235 - INFO - server listening on [::1]:8888
2026-06-14 22:29:44,237 - INFO - server listening on 127.0.0.1:8888
2026-06-14 22:29:55,189 - INFO - connection open
2026-06-14 22:30:14,376 - INFO - Disconnected -- code=1000, reason=
2026-06-14 22:30:18,071 - INFO - connection open
2026-06-14 22:30:37,479 - INFO - Disconnected -- code=1000, reason=quit
2026-06-14 22:32:13,101 - INFO - server listening on [::1]:8888
2026-06-14 22:32:13,103 - INFO - server listening on 127.0.0.1:8888
2026-06-14 22:32:15,412 - INFO - connection open
2026-06-14 22:32:23,311 - INFO - connection open
2026-06-14 22:32:55,060 - INFO - server listening on [::1]:8888
2026-06-14 22:32:55,063 - INFO - server listening on 127.0.0.1:8888
2026-06-14 22:32:55,332 - INFO - Disconnected -- code=1000, reason=
2026-06-14 22:32:59,044 - INFO - Disconnected -- code=1000, reason=
2026-06-14 22:33:02,313 - INFO - connection open
2026-06-14 22:33:08,964 - INFO - connection open
2026-06-14 22:33:31,351 - INFO - Disconnected -- code=1000, reason=quit
2026-06-14 22:33:50,551 - INFO - Disconnected -- code=1006, reason=
2026-06-14 22:35:56,473 - INFO - server listening on [::1]:8888
2026-06-14 22:35:56,475 - INFO - server listening on 127.0.0.1:8888
2026-06-14 22:35:59,166 - INFO - connection open
2026-06-14 22:36:04,925 - INFO - connection open
2026-06-14 22:37:06,284 - INFO - Disconnected -- code=1000, reason=quit
2026-06-14 22:37:06,819 - INFO - server listening on [::1]:8888
2026-06-14 22:37:06,820 - INFO - server listening on 127.0.0.1:8888
2026-06-14 22:37:07,159 - INFO - Disconnected -- code=1000, reason=quit
2026-06-14 22:37:15,239 - INFO - connection open
2026-06-14 22:37:26,318 - INFO - Disconnected -- code=1000, reason=quit
2026-06-14 22:37:33,345 - INFO - connection open
2026-06-14 22:37:40,760 - INFO - Disconnected -- code=1000, reason=quit
2026-06-14 22:39:06,975 - INFO - server listening on [::1]:8888
2026-06-14 22:39:06,977 - INFO - server listening on 127.0.0.1:8888
2026-06-14 22:39:11,138 - INFO - connection open
2026-06-14 22:39:12,618 - INFO - Disconnected -- code=1000, reason=quit
2026-06-14 22:39:40,947 - INFO - connection open
2026-06-14 22:39:44,577 - INFO - connection open
2026-06-14 22:41:34,279 - INFO - Disconnected -- code=1000, reason=quit
2026-06-14 22:41:36,873 - INFO - Disconnected -- code=1000, reason=quit
2026-06-14 22:44:49,760 - INFO - server listening on [::1]:8888
2026-06-14 22:44:49,762 - INFO - server listening on 127.0.0.1:8888
2026-06-14 22:44:55,283 - INFO - connection open
2026-06-14 22:45:06,671 - INFO - connection open
2026-06-14 22:45:41,833 - INFO - Disconnected -- code=1000, reason=quit
2026-06-14 22:45:43,575 - INFO - Disconnected -- code=1000, reason=quit
2026-06-14 22:46:56,805 - INFO - server listening on [::1]:8888
2026-06-14 22:46:56,807 - INFO - server listening on 127.0.0.1:8888
2026-06-14 22:47:00,875 - INFO - connection open
2026-06-14 22:47:08,808 - INFO - Disconnected -- code=1006, reason=
2026-06-14 22:59:23,737 - INFO - server listening on [::1]:8888
2026-06-14 22:59:23,739 - INFO - server listening on 127.0.0.1:8888
2026-06-14 22:59:23,973 - INFO - connection open
2026-06-14 22:59:30,920 - INFO - connection open
2026-06-14 22:59:44,438 - INFO - Disconnected -- code=1000, reason=quit
2026-06-14 22:59:49,829 - INFO - Disconnected -- code=1000, reason=quit
2026-06-14 23:14:46,041 - INFO - server listening on 127.0.0.1:8888
2026-06-14 23:14:46,042 - INFO - server listening on [::1]:8888
2026-06-14 23:14:52,998 - INFO - connection open
2026-06-14 23:14:56,017 - INFO - Disconnected -- code=1000, reason=quit
